
> temp-app@0.1.0 build
> next build

Ôû▓ Next.js 16.1.6 (Turbopack)

  Creating an optimized production build ...
node.exe : Error: 
Cannot apply unknown 
utility class 
`border-border`. Are 
you using CSS modules 
or similar and 
missing `@reference`? 
https://tailwindcss.co
m/docs/functions-and-d
irectives#reference-di
rective
No linha:1 caractere:1
+ & "C:\Program Files\
nodejs/node.exe" 
"C:\Program 
Files\nodejs/node_mo 
...
+ ~~~~~~~~~~~~~~~~~~~~
~~~~~~~~~~~~~~~~~~~~~~
~~~~~~~~~~~~~~~~~~~~~~
~~~~~
    + CategoryInfo    
          : NotSpeci  
  fied: (Error: Can   
 not a...rence-dir    
ective:String) []    
, RemoteException
    + FullyQualifiedE 
   rrorId : NativeCo  
  mmandError
 
    [2m[at 
onInvalidCandidate (C:
\Users\leand\OneDrive\
├ürea de Trabalho\wppB
usines\node_modules\ta
ilwindcss\dist\lib.js:
21:1314)][0m
    [2m[at Te (C:\Use
rs\leand\OneDrive\├üre
a de Trabalho\wppBusin
es\node_modules\tailwi
ndcss\dist\lib.js:16:3
6652)][0m
    [2m[at C:\Users\l
eand\OneDrive\├ürea 
de Trabalho\wppBusines
\node_modules\tailwind
css\dist\lib.js:21:355
][0m
    [2m[at Rr (C:\Use
rs\leand\OneDrive\├üre
a de Trabalho\wppBusin
es\node_modules\tailwi
ndcss\dist\lib.js:3:17
18)][0m
    [2m[at _ (C:\User
s\leand\OneDrive\├ürea
 de Trabalho\wppBusine
s\node_modules\tailwin
dcss\dist\lib.js:3:137
7)][0m
    [2m[at $e (C:\Use
rs\leand\OneDrive\├üre
a de Trabalho\wppBusin
es\node_modules\tailwi
ndcss\dist\lib.js:21:1
72)][0m
    [2m[at un (C:\Use
rs\leand\OneDrive\├üre
a de Trabalho\wppBusin
es\node_modules\tailwi
ndcss\dist\lib.js:38:2
94)][0m
    [2m[at process.pr
ocessTicksAndRejection
s (node:internal/proce
ss/task_queues:103:5)]
[0m
    [2m[at async cn (
C:\Users\leand\OneDriv
e\├ürea de Trabalho\wp
pBusines\node_modules\
tailwindcss\dist\lib.j
s:38:631)][0m
    [2m[at async Xr (
C:\Users\leand\OneDriv
e\├ürea de Trabalho\wp
pBusines\node_modules\
@tailwindcss\node\dist
\index.js:10:3417)][0
m

> Build error occurred
Error: Turbopack 
build failed with 1 
errors:
./src/app/globals.css
Error evaluating 
Node.js code
CssSyntaxError: 
tailwindcss: C:\Users\
leand\OneDrive\├ürea 
de Trabalho\wppBusines
\src\app\globals.css:1
:1: Cannot apply 
unknown utility class 
`border-border`. Are 
you using CSS modules 
or similar and 
missing `@reference`? 
https://tailwindcss.co
m/docs/functions-and-d
irectives#reference-di
rective
    at Input.error (no
de_modules/postcss/lib
/input.js:135:16) [C:\
Users\leand\OneDrive\├
ürea de Trabalho\wppBu
sines\.next\build\chun
ks\node_modules_fe693d
f6._.js:4651:22]
    at Root.error (nod
e_modules/postcss/lib/
node.js:146:32) [C:\Us
ers\leand\OneDrive\├ür
ea de Trabalho\wppBusi
nes\.next\build\chunks
\node_modules_fe693df6
._.js:928:38]
    [at Object.Once (C
:\Users\leand\OneDrive
\├ürea de Trabalho\wpp
Busines\node_modules\@
tailwindcss\postcss\di
st\index.js:10:6911)]
    [at process.proces
sTicksAndRejections (n
ode:internal/process/t
ask_queues:103:5)]
    at async 
LazyResult.runAsync (n
ode_modules/postcss/li
b/lazy-result.js:293:1
1) [C:\Users\leand\One
Drive\├ürea de Trabalh
o\wppBusines\.next\bui
ld\chunks\node_modules
_fe693df6._.js:6206:21
]
    at async 
transform (turbopack:/
//[turbopack-node]/tra
nsforms/postcss.ts:70:
34) [C:\Users\leand\On
eDrive\├ürea de Trabal
ho\wppBusines\.next\bu
ild\chunks\[root-of-th
e-server]__51225daf._.
js:146:36]
    at async run (turb
opack:///[turbopack-no
de]/ipc/evaluate.ts:92
:23) [C:\Users\leand\O
neDrive\├ürea de Traba
lho\wppBusines\.next\b
uild\chunks\[root-of-t
he-server]__974941ed._
.js:443:31]

Import trace:
  Client Component 
Browser:
    
./src/app/globals.css 
[Client Component 
Browser]
    
./src/app/layout.tsx 
[Server Component]


    at async 
transform (turbopack:/
//[turbopack-node]/tra
nsforms/postcss.ts:70:
34) [C:\Users\leand\On
eDrive\├ürea de Trabal
ho\wppBusines\.next\bu
ild\chunks\[root-of-th
e-server]__51225daf._.
js:146:36])
    at async run (turb
opack:///[turbopack-no
de]/ipc/evaluate.ts:92
:23) [C:\Users\leand\O
neDrive\├ürea de Traba
lho\wppBusines\.next\b
uild\chunks\[root-of-t
he-server]__974941ed._
.js:443:31])
